map "https://fhir.hl7.at/elga/cda2fhir/r4/StructureMap/at-cda-eimpf-to-fhir-bundle" = "CdaEimpfToFhirBundle"

conceptmap "cda-eimpf-clinicaldocument-code-2-fhir-category" {
  prefix s = "http://loinc.org"

  s: "11369-6" == s: "11369-6"
}

uses "http://hl7.org/cda/stds/core/StructureDefinition/ClinicalDocument" alias ClinicalDocument as source
uses "http://hl7.org/cda/stds/core/StructureDefinition/StructuredBody" alias StructuredBody as source
uses "http://hl7.org/cda/stds/core/StructureDefinition/Section" alias Section as source
uses "http://hl7.org/cda/stds/core/StructureDefinition/SubstanceAdministration" alias SubstanceAdministration as source
uses "http://hl7.org/cda/stds/core/StructureDefinition/Material" alias Material as source
uses "http://hl7.org/cda/stds/core/StructureDefinition/Participant2" alias Participant2 as source
uses "http://hl7.org/cda/stds/core/StructureDefinition/Performer2" alias Performer2 as source
uses "http://hl7.org/cda/stds/core/StructureDefinition/Author" alias Author as source


uses "http://hl7.org/fhir/4.3/StructureDefinition/Bundle" alias Bundle as target
uses "http://hl7.org/fhir/4.3/StructureDefinition/Composition" alias Composition as target
uses "http://hl7.org/fhir/4.3/StructureDefinition/Patient" alias Patient as target
uses "http://hl7.org/fhir/4.3/StructureDefinition/Immunization" alias Immunization as target
uses "http://hl7.org/fhir/4.3/StructureDefinition/ImmunizationRecommendation" alias ImmunizationRecommendation as target
uses "http://hl7.org/fhir/4.3/StructureDefinition/CodeableConcept" alias CodeableConcept as target
uses "http://hl7.org/fhir/4.3/StructureDefinition/Provenance" alias Provenance as target
uses "http://hl7.org/fhir/4.3/StructureDefinition/PractitionerRole" alias PractitionerRole as target


imports "http://hl7.at/fhir/HL7ATCoreProfiles/4.0.1/StructureMap/at-cda-to-fhir-types"

// _________________________ Document Level Template  _________________________

group CdaEimpfToFhirBundle(source cda: ClinicalDocument, target fhir_patient: Patient, target fhir_composition: Composition, target fhir_bundle: Bundle) {
  cda ->
    // at least on Bundle level the profile is to be set
    fhir_bundle.meta as fhir_bundle_meta,
    fhir_bundle_meta.profile = 'https://fhir.hl7.at/elga/aps/r4/StructureDefinition/at-aps-bundle'
    then {
      // map the CDA header
      cda then CdaEimpfHeaderToFhirComposition(cda, fhir_composition, fhir_patient, fhir_bundle) "CdaEimpfHeaderToFhirComposition";
      cda then CdaEimpfHeaderToFhir(cda, fhir_composition, fhir_patient, fhir_bundle) "CdaEimpfHeaderToFhir"; 

      // map the CDA body
      // ClinicalDocument/component
      cda.component as cda_component then {
        // ClinicalDocument/component/structuredBody
        cda_component.structuredBody as cda_structuredBody
          then CdaEimpfBodyToFhir(cda, cda_structuredBody, fhir_composition, fhir_patient, fhir_bundle);
      };
    } "CdaEimpfToFhirBundle";
}

group CdaEimpfHeaderToFhirComposition(source cda: ClinicalDocument, target fhir_composition: Composition, target fhir_patient: Patient, target fhir_bundle: Bundle) extends CdaHeaderToFhirComposition {
  // ClinicalDocument/code -> Composition.category
  cda.code as cda_code then {
    cda_code.code as code_code ->
    fhir_composition.category as fhir_composition_category,
    fhir_composition_category.coding = translate(code_code, '#cda-eimpf-clinicaldocument-code-2-fhir-category' , 'Coding') "code";
  };

  // ClinicalDocument/code/translation -> Composition.type
  cda.code as cda_code -> fhir_composition.type as fhir_composition_type,
    fhir_composition_type.coding as fhir_composition_type_coding,
    fhir_composition_type_coding.system = 'http://loinc.org',
    fhir_composition_type_coding.code = '60591-5' then {
      cda_code.translation as cda_code_translation then CECodeableConcept(cda_code_translation, fhir_composition_type);
  };
}

group CdaEimpfHeaderToFhir(source cda: ClinicalDocument, target fhir_composition: Composition, target fhir_patient: Patient, target fhir_bundle: Bundle) extends CdaHeaderToFhir {
}

// _________________________ Section Level Template  _________________________

group CdaEimpfBodyToFhir(source cda: ClinicalDocument, source cda_structuredBody: StructuredBody, target fhir_composition: Composition, target fhir_patient: Patient, target fhir_bundle: Bundle) {
  // prefill required APS sections in order to have a valid APS instance
  cda_structuredBody -> 
    // section problems
    fhir_composition.section as fhir_composition_problems_section,
    fhir_composition_problems_section.title = 'Gesundheitsprobleme und Risiken (Problems)',
    fhir_composition_problems_section.code as fhir_composition_problems_section_code,
    fhir_composition_problems_section_code.coding as fhir_composition_problems_section_code_coding,
    fhir_composition_problems_section_code_coding.system = 'http://loinc.org',
    fhir_composition_problems_section_code_coding.code = '11450-4',
    fhir_composition_problems_section.emptyReason as fhir_composition_problems_section_emptyReason,
    fhir_composition_problems_section_emptyReason.coding as fhir_composition_problems_section_emptyReason_coding,
    fhir_composition_problems_section_emptyReason_coding.system = 'http://terminology.hl7.org/CodeSystem/list-empty-reason',
    fhir_composition_problems_section_emptyReason_coding.code = 'unavailable',
    fhir_composition_problems_section.text as fhir_composition_problems_section_text,
    fhir_composition_problems_section_text.status = 'empty',
    fhir_composition_problems_section_text.div = append('Kein Text für diese Section vorhanden.'),

    // section allergies
    fhir_composition.section as fhir_composition_allergies_section,
    fhir_composition_allergies_section.title = 'Allergien und Intoleranzen (Allergies and Intolerances)',
    fhir_composition_allergies_section.code as fhir_composition_allergies_section_code,
    fhir_composition_allergies_section_code.coding as fhir_composition_allergies_section_code_coding,
    fhir_composition_allergies_section_code_coding.system = 'http://loinc.org',
    fhir_composition_allergies_section_code_coding.code = '48765-2',
    fhir_composition_allergies_section.emptyReason as fhir_composition_allergies_section_emptyReason,
    fhir_composition_allergies_section_emptyReason.coding as fhir_composition_allergies_section_emptyReason_coding,
    fhir_composition_allergies_section_emptyReason_coding.system = 'http://terminology.hl7.org/CodeSystem/list-empty-reason',
    fhir_composition_allergies_section_emptyReason_coding.code = 'unavailable',
    fhir_composition_allergies_section.text as fhir_composition_allergies_section_text,
    fhir_composition_allergies_section_text.status = 'empty',
    fhir_composition_allergies_section_text.div = append('Kein Text für diese Section vorhanden.'),

    // section medications
    fhir_composition.section as fhir_composition_medications_section,
    fhir_composition_medications_section.title = 'Medikationsliste (Medication Summary)',
    fhir_composition_medications_section.code as fhir_composition_medications_section_code,
    fhir_composition_medications_section_code.coding as fhir_composition_medications_section_code_coding,
    fhir_composition_medications_section_code_coding.system = 'http://loinc.org',
    fhir_composition_medications_section_code_coding.code = '10160-0',
    fhir_composition_medications_section.emptyReason as fhir_composition_medications_section_emptyReason,
    fhir_composition_medications_section_emptyReason.coding as fhir_composition_medications_section_emptyReason_coding,
    fhir_composition_medications_section_emptyReason_coding.system = 'http://terminology.hl7.org/CodeSystem/list-empty-reason',
    fhir_composition_medications_section_emptyReason_coding.code = 'unavailable',
    fhir_composition_medications_section.text as fhir_composition_medications_section_text,
    fhir_composition_medications_section_text.status = 'empty',
    fhir_composition_medications_section_text.div = append('Kein Text für diese Section vorhanden.'),

    // section procedures
    fhir_composition.section as fhir_composition_procedures_section,
    fhir_composition_procedures_section.title = 'Eingriffe und Therapien (History of Procedures)',
    fhir_composition_procedures_section.code as fhir_composition_procedures_section_code,
    fhir_composition_procedures_section_code.coding as fhir_composition_procedures_section_code_coding,
    fhir_composition_procedures_section_code_coding.system = 'http://loinc.org',
    fhir_composition_procedures_section_code_coding.code = '47519-4',
    fhir_composition_procedures_section.emptyReason as fhir_composition_procedures_section_emptyReason,
    fhir_composition_procedures_section_emptyReason.coding as fhir_composition_procedures_section_emptyReason_coding,
    fhir_composition_procedures_section_emptyReason_coding.system = 'http://terminology.hl7.org/CodeSystem/list-empty-reason',
    fhir_composition_procedures_section_emptyReason_coding.code = 'unavailable',
    fhir_composition_procedures_section.text as fhir_composition_procedures_section_text,
    fhir_composition_procedures_section_text.status = 'empty',
    fhir_composition_procedures_section_text.div = append('Kein Text für diese Section vorhanden.'),

    // section medical devices
    fhir_composition.section as fhir_composition_devices_section,
    fhir_composition_devices_section.title = 'Implantate, medizinische Geräte (Medical Devices)',
    fhir_composition_devices_section.code as fhir_composition_devices_section_code,
    fhir_composition_devices_section_code.coding as fhir_composition_devices_section_code_coding,
    fhir_composition_devices_section_code_coding.system = 'http://loinc.org',
    fhir_composition_devices_section_code_coding.code = '46264-8',
    fhir_composition_devices_section.emptyReason as fhir_composition_devices_section_emptyReason,
    fhir_composition_devices_section_emptyReason.coding as fhir_composition_devices_section_emptyReason_coding,
    fhir_composition_devices_section_emptyReason_coding.system = 'http://terminology.hl7.org/CodeSystem/list-empty-reason',
    fhir_composition_devices_section_emptyReason_coding.code = 'unavailable',
    fhir_composition_devices_section.text as fhir_composition_devices_section_text,
    fhir_composition_devices_section_text.status = 'empty',
    fhir_composition_devices_section_text.div = append('Kein Text für diese Section vorhanden.')

    "prefillRequiredApsSections";
  
  cda_structuredBody.component as cda_component then {

    // Impfungen - kodiert - 1.2.40.0.34.6.0.11.2.1
    // APS section: immunizations
    cda_component.section as cda_section where (code.where(code='11369-6' and codeSystem='2.16.840.1.113883.6.1')) -> 
      fhir_composition.section as fhir_section then CdaEimpfImpfungenKodiertToFhirSection(cda_section, fhir_section, fhir_patient, fhir_bundle);
    
    // Impfindikationsgruppen - kodiert - 1.2.40.0.34.6.0.11.2.4
    // cda_component.section as cda_indikationsgruppen_section where code.where(code='11450-4' and codeSystem='2.16.840.1.113883.6.1') -> fhir_composition.section as fhir_section_2 then CdaIndikationsgruppenSectionToFhirCompositionSection(cda_indikationsgruppen_section, fhir_section_2, fhir_bundle);
    
    // Impfrelevante Erkrankungen - kodiert - 1.2.40.0.34.6.0.11.2.5
    // cda_component.section as cda_impfrelevante_erkrankungen_section where code.where(code='11348-0' and codeSystem='2.16.840.1.113883.6.1') -> fhir_composition.section as fhir_section_3 then CdaHistoryOfPastIllnessSectionToFhirCompositionSection(cda_impfrelevante_erkrankungen_section, fhir_section_3, fhir_bundle);
    
    // Antikörper-Bestimmung - kodiert - 1.2.40.0.34.6.0.11.2.7
    // cda_component.section as cda_antikoerper_section where code.where(code='26436-6' and codeSystem='2.16.840.1.113883.6.1') -> fhir_composition.section as fhir_section_4 then CdaAntikoerperSectionToFhirCompositionSection(cda_antikoerper_section, fhir_section_4, fhir_bundle);
    
    // Impfempfehlungen - kodiert - 1.2.40.0.34.6.0.11.2.2
    // APS section: plan of care
    cda_component.section as cda_section where (code.where(code='18776-5' and codeSystem='2.16.840.1.113883.6.1')) -> 
      fhir_composition.section as fhir_section then CdaEimpfImpfempfehlungKodiertToFhirSection(cda_section, fhir_section, fhir_patient, fhir_bundle);
    
    // Beilagen - 1.2.40.0.34.6.0.11.2.71
    // cda_component.section as cda_beilagen_section where code.where(code='BEIL' and codeSystem='1.2.40.0.34.5.40') -> fhir_composition.section as fhir_section_6 then CdaBeilagenSectionToFhirCompositionSection(cda_beilagen_section, fhir_section_6, fhir_bundle);

  } "CdaEimpfBodyToFhir";
}

group CdaEimpfImpfungenKodiertToFhirSection(source cda_section: Section, target fhir_section, target fhir_patient: Patient, target fhir_bundle: Bundle) extends CdaSectionToFhirSection {
  // section/code -> Composition.section.code
  cda_section.code -> fhir_section.code;

  // section/title
  cda_section -> fhir_section.title = 'Impfungen (Immunizations)' "FhirSectionTitle";

  // section/entry
  cda_section.entry as cda_section_entry then {
    
    // Immunization Entry - 1.2.40.0.34.6.0.11.3.1 -> Immunization
    cda_section_entry where ($this.substanceAdministration.templateId.where(root='1.2.40.0.34.6.0.11.3.1')) then {
      // section/entry/substanceAdministration -> Immunization
      cda_section_entry.substanceAdministration as cda_section_entry_substanceAdministration -> 
        // create Immunization
        fhir_bundle.entry as fhir_bundle_entry,
        fhir_bundle_entry.resource = create('Immunization') as fhir_immunization,
        fhir_immunization.id = uuid() as fhir_immunization_id,
        fhir_bundle_entry.fullUrl = append('urn:uuid:', fhir_immunization_id),
        // link section entry to Immunization
        fhir_section.entry = create('Reference') as fhir_section_entry_reference,
        fhir_section_entry_reference.reference = append('urn:uuid:', fhir_immunization_id),
        fhir_section_entry_reference.type = 'Immunization',
        // link Immunization to Patient
        fhir_patient.id as fhir_patient_id,
        fhir_immunization.patient = create('Reference') as fhir_immunization_patient_reference,
        fhir_immunization_patient_reference.reference = append('urn:uuid:', fhir_patient_id),
        fhir_immunization_patient_reference.type = 'Patient' then 
        CdaEimpfSubstanceAdministrationToFhirImmunization(cda_section_entry_substanceAdministration, fhir_immunization, fhir_bundle);
    }; 

    // Immunization Entry Impfung nicht angegeben - 1.2.40.0.34.6.0.11.3.28
    cda_section_entry where ($this.substanceAdministration.templateId.where(root='1.2.40.0.34.6.0.11.3.28')) then {
      cda_section -> fhir_section.emptyReason as fhir_section_emptyReason,
        fhir_section_emptyReason.coding as fhir_section_emptyReason_coding,
        fhir_section_emptyReason_coding.system = 'http://terminology.hl7.org/CodeSystem/list-empty-reason',
        fhir_section_emptyReason_coding.code = 'nilknown',
        fhir_section_emptyReason_coding.display = 'Nil Known';
    };
  };

  // Übersetzung
  // currently not necessary to be mapped:
  //   Since the section/text is not displayed, the translation is irrelevant in that context.
}

group CdaEimpfImpfempfehlungKodiertToFhirSection(source cda_section: Section, target fhir_section, target fhir_patient: Patient, target fhir_bundle: Bundle) extends CdaSectionToFhirSection {
  // section/code -> Composition.section.code
  cda_section.code -> fhir_section.code;

  // section/title
  cda_section -> fhir_section.title = 'Behandlungsplan (Plan of Care)' "FhirSectionTitle";

  // section/entry
  cda_section.entry as cda_section_entry then {
    // section/entry/substanceAdministration -> ImmunizationRecommendation
    cda_section_entry.substanceAdministration as cda_section_entry_substanceAdministration -> 
      // create ImmunizationRecommendation
      fhir_bundle.entry as fhir_bundle_entry,
      fhir_bundle_entry.resource = create('ImmunizationRecommendation') as fhir_immunizationRecommendation,
      fhir_immunizationRecommendation.id = uuid() as fhir_immunizationRecommendation_id,
      fhir_bundle_entry.fullUrl = append('urn:uuid:', fhir_immunizationRecommendation_id),
      // link section entry to ImmunizationRecommendation
      fhir_section.entry = create('Reference') as fhir_section_entry_reference,
      fhir_section_entry_reference.reference = append('urn:uuid:', fhir_immunizationRecommendation_id),
      fhir_section_entry_reference.type = 'ImmunizationRecommendation',
      // link ImmunizationRecommendation to Patient
      fhir_patient.id as fhir_patient_id,
      fhir_immunizationRecommendation.patient = create('Reference') as fhir_immunizationRecommendation_patient_reference,
      fhir_immunizationRecommendation_patient_reference.reference = append('urn:uuid:', fhir_patient_id),
      fhir_immunizationRecommendation_patient_reference.type = 'Patient' then 
      CdaEimpfSubstanceAdministrationToFhirImmunizationRecommendation(cda_section, cda_section_entry_substanceAdministration, fhir_immunizationRecommendation, fhir_bundle);
  };

  // Übersetzung
  // currently not necessary to be mapped:
  //   Since the section/text is not displayed, the translation is irrelevant in that context.
}

// _________________________ Entry Level Template  _________________________

group CdaEimpfSubstanceAdministrationToFhirImmunization(source cda_substanceAdministration: SubstanceAdministration, target fhir_immunization: Immunization, target fhir_bundle: Bundle) {
  // substanceAdministration/id -> Immunization.identifier 
  cda_substanceAdministration.id -> fhir_immunization.identifier;

  // substanceAdministration/text
  // currently not necessary to be mapped:
  //   Within the text element, references are made to sections of the section/text. 
  //   Since the "Complete Immunization Status" currently displays only coded information, 
  //   this element is not included.

  // substanceAdministration/statusCode -> Immunization.status
  cda_substanceAdministration.statusCode -> fhir_immunization.status; 

  // substanceAdministration/effectiveTime -> Immunization.occurrenceDateTime
  cda_substanceAdministration.effectiveTime as cda_substanceAdministration_effectiveTime -> 
    fhir_immunization.occurrence = create('dateTime') as fhir_immunization_occurrence then TSDateTime(cda_substanceAdministration_effectiveTime, fhir_immunization_occurrence) 
    "CdaEffectiveTimeToFhirOccurrenceDateTime";
  
  // substanceAdministration/routeCode -> Immunization.route
  cda_substanceAdministration.routeCode where ($this.nullFlavor.exists().not()) -> fhir_immunization.route;

  // substanceAdministration/doseQuantity -> AtApsImmunization.doseQuantity
  cda_substanceAdministration.doseQuantity as cda_substanceAdministration_doseQuantity where ($this.nullFlavor.exists().not()) -> 
    fhir_immunization.doseQuantity as fhir_immunization_doseQuantity then
    PQQuantity(cda_substanceAdministration_doseQuantity, fhir_immunization_doseQuantity)
    "CdaDoseQuantityToFhirDoseQuantity";

  // substanceAdministration/consumable
  cda_substanceAdministration.consumable as cda_consumable then {
    // substanceAdministration/consumable/manufacturedProduct
    cda_consumable.manufacturedProduct as cda_manufacturedProduct then {
      // substanceAdministration/consumable/manufacturedProduct/id
      // TODO

      // substanceAdministration/consumable/manufacturedProduct/manufacturedMaterial
      cda_manufacturedProduct.manufacturedMaterial as cda_manufacturedMaterial then {
        // substanceAdministration/consumable/manufacturedProduct/manufacturedMaterial/name -> Immunization.vaccineCode
        cda_manufacturedMaterial -> 
          fhir_immunization.vaccineCode as fhir_immunization_vaccineCode then 
            CdaVaccineCodeToFhirVaccineCode(cda_manufacturedMaterial, fhir_immunization_vaccineCode);

        // substanceAdministration/consumable/manufacturedProduct/manufacturedMaterial/name
        //TODO

        // substanceAdministration/consumable/manufacturedProduct/manufacturedMaterial/lotNumberText -> Immunization.lotNumber
        cda_manufacturedMaterial.lotNumberText where ($this.nullFlavor.exists().not()) -> fhir_immunization.lotNumber;

        // substanceAdministration/consumable/manufacturedProduct/manufacturedMaterial/pharm:ingredient
        // TODO
      };

      // substanceAdministration/consumable/manufacturedProduct/manufacturerOrganization -> Immunization.manufacturer
      cda_manufacturedProduct.manufacturerOrganization as cda_manufacturerOrganization ->
        fhir_bundle.entry as fhir_bundle_entry,
        fhir_bundle_entry.resource = create('Organization') as fhir_organization,
        fhir_organization.id = uuid() as fhir_organization_id,
        fhir_bundle_entry.fullUrl = append('urn:uuid:', fhir_organization_id),
        fhir_immunization.manufacturer = create('Reference') as fhir_immunization_organization_reference,
        fhir_immunization_organization_reference.reference = append('urn:uuid:', fhir_organization_id),
        fhir_immunization_organization_reference.type = 'Organization' then
        CdaOrganizationCompilationToFhirOrganization(cda_manufacturerOrganization, fhir_organization);
    };
  };

  // substanceAdministration/performer -> Immunization.performer and Provenance
  cda_substanceAdministration.performer as cda_substanceAdministration_performer ->
    // create Provenance
    fhir_bundle.entry as fhir_bundle_entry01,
    fhir_bundle_entry01.resource = create('Provenance') as fhir_provenance,
    fhir_provenance.id = uuid() as fhir_provenance_id,
    fhir_bundle_entry01.fullUrl = append('urn:uuid:', fhir_provenance_id),
    // link Immunization to Provenance.target
    fhir_immunization.id as fhir_immunization_id,
    fhir_provenance.target = create('Reference') as fhir_provenance_target_reference,
    fhir_provenance_target_reference.reference = append('urn:uuid:', fhir_immunization_id),
    fhir_provenance_target_reference.type = 'Immunization',
    // create PractitionerRole in order to use it as Immunization.performer
    fhir_bundle.entry as fhir_bundle_entry02,
    fhir_bundle_entry02.resource = create('PractitionerRole') as fhir_practitionerRole,
    fhir_practitionerRole.id = uuid() as fhir_practitionerRole_id,
    fhir_bundle_entry02.fullUrl = append('urn:uuid:', fhir_practitionerRole_id),
    // link PractitionerRole to Immunization.perfomer
    fhir_immunization.performer as fhir_immunization_performer,
    fhir_immunization_performer.actor = create('Reference') as fhir_immunization_performer_actor_reference,
    fhir_immunization_performer_actor_reference.reference = append('urn:uuid:', fhir_practitionerRole_id),
    fhir_immunization_performer_actor_reference.type = 'PractitionerRole',
    // set Immunization.performer.function
    fhir_immunization_performer.function as fhir_immunization_performer_function,
    fhir_immunization_performer_function.coding as fhir_immunization_performer_function_coding,
    fhir_immunization_performer_function_coding.system = 'http://terminology.hl7.org/CodeSystem/v2-0443',
    fhir_immunization_performer_function_coding.code = 'AP' then 
      CdaPerformerToFhirProvenance(cda_substanceAdministration_performer, fhir_provenance, fhir_practitionerRole, fhir_bundle);

  // substanceAdministration/author -> Immunization.performer and Provenance
  // if author is a person
  cda_substanceAdministration.author as cda_substanceAdministration_author where ($this.assignedAuthor.assignedPerson.exists()) -> 
    // create Provenance
    fhir_bundle.entry as fhir_bundle_entry01,
    fhir_bundle_entry01.resource = create('Provenance') as fhir_provenance,
    fhir_provenance.id = uuid() as fhir_provenance_id,
    fhir_bundle_entry01.fullUrl = append('urn:uuid:', fhir_provenance_id),
    // link Immunization to Provenance.target
    fhir_immunization.id as fhir_immunization_id,
    fhir_provenance.target = create('Reference') as fhir_provenance_target_reference,
    fhir_provenance_target_reference.reference = append('urn:uuid:', fhir_immunization_id),
    fhir_provenance_target_reference.type = 'Immunization',
    // create PractitionerRole in order to use it as Immunization.performer
    fhir_bundle.entry as fhir_bundle_entry02,
    fhir_bundle_entry02.resource = create('PractitionerRole') as fhir_practitionerRole,
    fhir_practitionerRole.id = uuid() as fhir_practitionerRole_id,
    fhir_bundle_entry02.fullUrl = append('urn:uuid:', fhir_practitionerRole_id),
    // link PractitionerRole to Immunization.perfomer
    fhir_immunization.performer as fhir_immunization_performer,
    fhir_immunization_performer.actor = create('Reference') as fhir_immunization_performer_actor_reference,
    fhir_immunization_performer_actor_reference.reference = append('urn:uuid:', fhir_practitionerRole_id),
    fhir_immunization_performer_actor_reference.type = 'PractitionerRole',
    // set Immunization.performer.function
    fhir_immunization_performer.function as fhir_immunization_performer_function,
    fhir_immunization_performer_function.coding as fhir_immunization_performer_function_coding,
    fhir_immunization_performer_function_coding.system = 'http://terminology.hl7.org/CodeSystem/v2-0443',
    fhir_immunization_performer_function_coding.code = 'OP' then 
      CdaAuthorPersonToFhirProvenance(cda_substanceAdministration_author, fhir_provenance, fhir_practitionerRole, fhir_bundle);

  // substanceAdministration/author -> Provenance
  // if author is a device
  cda_substanceAdministration.author as cda_substanceAdministration_author where ($this.assignedAuthor.assignedAuthoringDevice.exists()) -> 
    // create Provenance
    fhir_bundle.entry as fhir_bundle_entry,
    fhir_bundle_entry.resource = create('Provenance') as fhir_provenance,
    fhir_provenance.id = uuid() as fhir_provenance_id,
    fhir_bundle_entry.fullUrl = append('urn:uuid:', fhir_provenance_id),
    // link Immunization to Provenance.target
    fhir_immunization.id as fhir_immunization_id,
    fhir_provenance.target = create('Reference') as fhir_provenance_target_reference,
    fhir_provenance_target_reference.reference = append('urn:uuid:', fhir_immunization_id),
    fhir_provenance_target_reference.type = 'Immunization' then
      CdaAuthorDeviceToFhirProvenance(cda_substanceAdministration_author, fhir_provenance, fhir_bundle);

  // substanceAdministration/informant
  // currently not necessary to be mapped:
  //   Self-reporting of vaccinations has not yet been implemented. 
  //   Therefore, it is not currently relevant for mapping.

  // substanceAdministration/participant[@typeCode!='AUT'] -> Provenance
  // Participant Body - Authorized Editor = Berechtigter bearbeitender GDA (OID aus dem GDA-Index) (@typeCode = 'AUT') is currently ignored
  cda_substanceAdministration.participant as cda_participant where ($this.typeCode != 'AUT') -> 
    fhir_bundle.entry as fhir_bundle_entry,
    fhir_bundle_entry.resource = create('Provenance') as fhir_provenance,
    fhir_provenance.id = uuid() as fhir_provenance_id,
    fhir_bundle_entry.fullUrl = append('urn:uuid:', fhir_provenance_id),
    fhir_immunization.id as fhir_immunization_id,
    fhir_provenance.target = create('Reference') as fhir_provenance_target_reference,
    fhir_provenance_target_reference.reference = append('urn:uuid:', fhir_immunization_id),
    fhir_provenance_target_reference.type = 'Immunization' then 
      CdaParticipantToFhirProvenance(cda_participant, fhir_provenance, fhir_bundle);

  cda_substanceAdministration -> fhir_immunization.protocolApplied as fhir_immunization_protocolApplied then {
    
    // substanceAdministration/entryRelationship (Immunization Target Entry)
    cda_substanceAdministration.entryRelationship as cda_substanceAdministration_entryRelationship where ($this.observation.templateId.where(root='1.2.40.0.34.6.0.11.3.2')) then {
      cda_substanceAdministration_entryRelationship.observation as cda_observation then {
        // substanceAdministration/entryRelationship/observation/code -> Immunization.protocolApplied.targetDisease
        cda_observation.code -> fhir_immunization_protocolApplied.targetDisease;
      };
    };
      
    // substanceAdministration/precondition (Immunization Schedule Entry)
    cda_substanceAdministration.precondition as cda_substanceAdministration_precondition then {
      // substanceAdministration/precondition/criterion
      cda_substanceAdministration_precondition.criterion as cda_criterion then {
        // substanceAdministration/precondition/criterion/code -> Immunization.protocolApplied.series
        cda_criterion.code as cda_criterion_code where ($this.nullFlavor.exists().not()) then {
          // substanceAdministration/precondition/criterion/code/@code -> Immunization.protocolApplied.series
          cda_criterion_code.code as cda_criterion_code_code ->
            fhir_immunization_protocolApplied.series = cast(cda_criterion_code_code, 'string') as fhir_immunization_protocolApplied_series,
            fhir_immunization_protocolApplied_series.extension as fhir_immunization_protocolApplied_series_extension,
            fhir_immunization_protocolApplied_series_extension.url = 'http://hl7.org/fhir/StructureDefinition/iso21090-codedString',
            fhir_immunization_protocolApplied_series_extension.value = create('Coding') as fhir_coding then 
              // substanceAdministration/precondition/criterion/code -> Immunization.protocolApplied.series.extension.coding
              CECoding(cda_criterion_code, fhir_coding);
        };

        // substanceAdministration/precondition/criterion/value -> Immunization.protocolApplied.doseNumberString
        cda_criterion.value as cda_criterion_value where ($this.nullFlavor.exists().not()) then {
          cda_criterion_value.code as cda_criterion_value_code ->
            fhir_immunization_protocolApplied.doseNumber = cast(cda_criterion_value_code, 'string') as fhir_immunization_protocolApplied_doseNumber,
            fhir_immunization_protocolApplied_doseNumber.extension as fhir_immunization_protocolApplied_doseNumber_extension,
            fhir_immunization_protocolApplied_doseNumber_extension.url = 'http://hl7.org/fhir/StructureDefinition/iso21090-codedString',
            fhir_immunization_protocolApplied_doseNumber_extension.value = create('Coding') as fhir_coding then 
              // substanceAdministration/precondition/criterion/value -> Immunization.protocolApplied.doseNumberString.extension.coding
              CECoding(cda_criterion_value, fhir_coding);
        };
        // substanceAdministration/precondition/criterion/value -> Immunization.protocolApplied.doseNumberString
        // based on https://hl7.eu/fhir/base-r5/missing-data.html
        cda_criterion.value as cda_criterion_value where ($this.nullFlavor.exists()) -> 
          fhir_immunization_protocolApplied.doseNumber = create('string') as fhir_immunization_protocolApplied_doseNumber,
          fhir_immunization_protocolApplied_doseNumber.extension as fhir_immunization_protocolApplied_doseNumber_extension then
          CdaNullFlavorToFhirDataAbsentReason(cda_criterion_value, fhir_immunization_protocolApplied_doseNumber_extension); 
      }; 
    }; 
  };

  // substanceAdministration/entryRelationship (Immunization Billability Entry)
  // currently not necessary to be mapped:
  //    This has not yet been implemented. Therefore, it is not currently relevant for the mapping.

  // substanceAdministration/entryRelationship (Zusatzklassifikation)
  cda_substanceAdministration.entryRelationship as cda_substanceAdministration_entryRelationship where ($this.observation.templateId.where(root='1.2.40.0.34.6.0.11.3.168')) then {
    // Impfsetting
    cda_substanceAdministration_entryRelationship.observation as cda_observation where ($this.code.where(code='46224007')) then {
      cda_observation.value as cda_observation_value then {
        // substanceAdministration/entryRelationship/observation/value -> Immunization.location.display
        cda_observation_value.code as cda_observation_value_code ->
          fhir_immunization.location as fhir_immunization_location,
          fhir_immunization_location.display = cast(cda_observation_value_code, 'string') as fhir_immunization_location_display,
          fhir_immunization_location_display.extension as fhir_immunization_location_display_extension,
          fhir_immunization_location_display_extension.url = 'http://hl7.org/fhir/StructureDefinition/iso21090-codedString',
          fhir_immunization_location_display_extension.value = create('Coding') as fhir_coding then 
            // substanceAdministration/entryRelationship/observation/value -> Immunization.location.display.extension.coding
            CDCoding(cda_observation_value, fhir_coding);
      };
    };
    // Impfprogramm
    cda_substanceAdministration_entryRelationship.observation as cda_observation where ($this.code.where(code='IS009')) then {
      // substanceAdministration/entryRelationship/observation/value -> Immunization.fundingSource
      cda_observation.value: CD -> fhir_immunization.fundingSource; 
    };
  };

  // substanceAdministration/reference/externalDocument -> Immunization.identifier
  cda_substanceAdministration.reference as cda_substanceAdministration_reference then {
    cda_substanceAdministration_reference.externalDocument as cda_substanceAdministration_reference_externalDocument then {
      cda_substanceAdministration_reference_externalDocument.id as cda_substanceAdministration_reference_externalDocument_id -> 
        fhir_immunization.identifier as fhir_immunization_identifier,
        fhir_immunization_identifier.use = 'secondary' then II(cda_substanceAdministration_reference_externalDocument_id, fhir_immunization_identifier) {
          cda_substanceAdministration_reference_externalDocument.code -> fhir_immunization_identifier.type;
        };
    };
  };
}

group CdaEimpfSubstanceAdministrationToFhirImmunizationRecommendation(source cda_section: Section, source cda_substanceAdministration: SubstanceAdministration, target fhir_immunizationRecommendation: ImmunizationRecommendation, target fhir_bundle: Bundle) {
  // substanceAdministration/id -> ImmunizationRecommendation.identifier 
  cda_substanceAdministration.id -> fhir_immunizationRecommendation.identifier;

  cda_substanceAdministration -> fhir_immunizationRecommendation.recommendation as fhir_immunizationRecommendation_recommendation then {
    // substanceAdministration/code -> fhir_immunizationRecommendation.recommendation.forecastStatus
    cda_substanceAdministration.code -> fhir_immunizationRecommendation_recommendation.forecastStatus;

    // substanceAdministration/text
    // currently not necessary to be mapped:
    //   Within the text element, references are made to sections of the section/text. 
    //   Since the "Complete Immunization Status" currently displays only coded information, 
    //   this element is not included.

    // substanceAdministration/statusCode
    // currently not necessary to be mapped:
    //    Constant code in CDA won't be mapped to FHIR as there is no resemblance in FHIR.

    // substanceAdministration/effectiveTime
    cda_substanceAdministration.effectiveTime as cda_substanceAdministration_effectiveTime then {

      cda_substanceAdministration_effectiveTime.low as cda_effectiveTime_low where ($this.value.exists()) -> 
        fhir_immunizationRecommendation_recommendation.dateCriterion as fhir_recommendation_dateCriterion,
        fhir_recommendation_dateCriterion.code as fhir_recommendation_dateCriterion_code, 
        fhir_recommendation_dateCriterion_code.coding as fhir_dateCriterion_code_coding, 
        fhir_dateCriterion_code_coding.system = 'http://loinc.org',
        fhir_dateCriterion_code_coding.code = '30981-5',
        fhir_recommendation_dateCriterion.value as fhir_dateCriterion_value then TSDateTime(cda_effectiveTime_low,fhir_dateCriterion_value);
    
      cda_substanceAdministration_effectiveTime.high as cda_effectiveTime_high where ($this.value.exists()) -> 
        fhir_immunizationRecommendation_recommendation.dateCriterion as fhir_recommendation_dateCriterion,
        fhir_recommendation_dateCriterion.code as fhir_recommendation_dateCriterion_code, 
        fhir_recommendation_dateCriterion_code.coding as fhir_dateCriterion_code_coding, 
        fhir_dateCriterion_code_coding.system = 'http://loinc.org',
        fhir_dateCriterion_code_coding.code = '59777-3',
        fhir_recommendation_dateCriterion.value as fhir_dateCriterion_value then TSDateTime(cda_effectiveTime_high,fhir_dateCriterion_value);
    };     

    // substanceAdministration/doseQuantity
    cda_substanceAdministration.doseQuantity as cda_substanceAdministration_doseQuantity where ($this.nullFlavor.exists().not()) -> 
      fhir_immunizationRecommendation.extension as fhir_immunizationRecommendation_extension,
      fhir_immunizationRecommendation_extension.url = 'https://fhir.hl7.at/elga/aps/r4/StructureDefinition/at-aps-ext-immunizationRecommendation-doseQuantity',
      fhir_immunizationRecommendation_extension.valueQuantity = create('Quantity') as fhir_immunizationRecommendation_extension_valueQuantity then
      PQQuantity(cda_substanceAdministration_doseQuantity, fhir_immunizationRecommendation_extension_valueQuantity);


    // substanceAdministration/consumable
    cda_substanceAdministration.consumable as cda_consumable then {
      // substanceAdministration/consumable/manufacturedProduct
      cda_consumable.manufacturedProduct as cda_manufacturedProduct then {
        // substanceAdministration/consumable/manufacturedProduct/id
        // TODO

        // substanceAdministration/consumable/manufacturedProduct/manufacturedMaterial
        cda_manufacturedProduct.manufacturedMaterial as cda_manufacturedMaterial then {
          // substanceAdministration/consumable/manufacturedProduct/manufacturedMaterial/code -> ImmunizationRecommendation.recommendation.vaccineCode
          cda_substanceAdministration.negationInd as cda_substanceAdministration_negationInd where ($this = false) then {
            cda_manufacturedMaterial -> 
              fhir_immunizationRecommendation_recommendation.vaccineCode as fhir_immunizationRecommendation_recommendation_vaccineCode then 
                CdaVaccineCodeToFhirVaccineCode(cda_manufacturedMaterial, fhir_immunizationRecommendation_recommendation_vaccineCode);
          };
          // substanceAdministration/consumable/manufacturedProduct/manufacturedMaterial/code -> ImmunizationRecommendation.recommendation.contraindicatedVaccineCode
          cda_substanceAdministration.negationInd as cda_substanceAdministration_negationInd where ($this = true) then {
            cda_manufacturedMaterial -> 
              fhir_immunizationRecommendation_recommendation.contraindicatedVaccineCode as fhir_immunizationRecommendation_recommendation_contraindicatedVaccineCode then 
                CdaVaccineCodeToFhirVaccineCode(cda_manufacturedMaterial, fhir_immunizationRecommendation_recommendation_contraindicatedVaccineCode);
          };

          // substanceAdministration/consumable/manufacturedProduct/manufacturedMaterial/name
          //TODO

          // substanceAdministration/consumable/manufacturedProduct/manufacturedMaterial/lotNumberText
          // not to be mapped:
          //   In case of immunization recommendations the logNumberText cannot be mapped because it is not applicable

          // substanceAdministration/consumable/manufacturedProduct/manufacturedMaterial/pharm:ingredient
          // TODO
        };

        // substanceAdministration/consumable/manufacturedProduct/manufacturerOrganization
        // TODO
      };
    };

    // substanceAdministration/author
    // if author is a person
    cda_substanceAdministration.author as cda_substanceAdministration_author where ($this.assignedAuthor.assignedPerson.exists()) -> 
      // create Provenance
      fhir_bundle.entry as fhir_bundle_entry01,
      fhir_bundle_entry01.resource = create('Provenance') as fhir_provenance,
      fhir_provenance.id = uuid() as fhir_provenance_id,
      fhir_bundle_entry01.fullUrl = append('urn:uuid:', fhir_provenance_id),
      // link ImmunizationRecommendation to Provenance.target
      fhir_immunizationRecommendation.id as fhir_immunizationRecommendation_id,
      fhir_provenance.target = create('Reference') as fhir_provenance_target_reference,
      fhir_provenance_target_reference.reference = append('urn:uuid:', fhir_immunizationRecommendation_id),
      fhir_provenance_target_reference.type = 'ImmunizationRecommendation',
      // create PractitionerRole in order to use it as Immunization.performer
      fhir_bundle.entry as fhir_bundle_entry02,
      fhir_bundle_entry02.resource = create('PractitionerRole') as fhir_practitionerRole,
      fhir_practitionerRole.id = uuid() as fhir_practitionerRole_id,
      fhir_bundle_entry02.fullUrl = append('urn:uuid:', fhir_practitionerRole_id) then { 
        // substanceAdministration/author -> ImmunizationRecommendation.date
        cda_substanceAdministration_author.time where ($this.nullFlavor.exists().not()) -> fhir_immunizationRecommendation.date;
        // substanceAdministration/author -> ImmunizationRecommendation.date
        // based on https://hl7.eu/fhir/base-r5/missing-data.html
        cda_substanceAdministration_author.time as cda_substanceAdministration_author_time where ($this.nullFlavor.exists()) -> 
          fhir_immunizationRecommendation.date as fhir_immunizationRecommendation_date,
          fhir_immunizationRecommendation_date.extension as fhir_immunizationRecommendation_date_extension
          then CdaNullFlavorToFhirDataAbsentReason(cda_substanceAdministration_author_time, fhir_immunizationRecommendation_date_extension);

        // substanceAdministration/author -> Provenance
        cda_substanceAdministration_author then CdaAuthorPersonToFhirProvenance(cda_substanceAdministration_author, fhir_provenance, fhir_practitionerRole, fhir_bundle);
      };

    // substanceAdministration/author
    // if author is a device
    cda_substanceAdministration.author as cda_substanceAdministration_author where ($this.assignedAuthor.assignedAuthoringDevice.exists()) -> 
      // create Provenance
      fhir_bundle.entry as fhir_bundle_entry,
      fhir_bundle_entry.resource = create('Provenance') as fhir_provenance,
      fhir_provenance.id = uuid() as fhir_provenance_id,
      fhir_bundle_entry.fullUrl = append('urn:uuid:', fhir_provenance_id),
      // link ImmunizationRecommendation to Provenance.target
      fhir_immunizationRecommendation.id as fhir_immunizationRecommendation_id,
      fhir_provenance.target = create('Reference') as fhir_provenance_target_reference,
      fhir_provenance_target_reference.reference = append('urn:uuid:', fhir_immunizationRecommendation_id),
      fhir_provenance_target_reference.type = 'ImmunizationRecommendation' then {
        // substanceAdministration/author -> ImmunizationRecommendation.date
        cda_substanceAdministration_author.time where ($this.nullFlavor.exists().not()) -> fhir_immunizationRecommendation.date;
        // substanceAdministration/author -> ImmunizationRecommendation.date
        // based on https://hl7.eu/fhir/base-r5/missing-data.html
        cda_substanceAdministration_author.time as cda_substanceAdministration_author_time where ($this.nullFlavor.exists()) -> 
          fhir_immunizationRecommendation.date as fhir_immunizationRecommendation_date,
          fhir_immunizationRecommendation_date.extension as fhir_immunizationRecommendation_date_extension
          then CdaNullFlavorToFhirDataAbsentReason(cda_substanceAdministration_author_time, fhir_immunizationRecommendation_date_extension);

        // substanceAdministration/author -> Provenance
        cda_substanceAdministration_author then CdaAuthorDeviceToFhirProvenance(cda_substanceAdministration_author, fhir_provenance, fhir_bundle);
      };

    // substanceAdministration/participant[@typeCode!='AUT'] -> Provenance
    // Participant Body - Authorized Editor = Berechtigter bearbeitender GDA (OID aus dem GDA-Index) (@typeCode = 'AUT') is currently ignored
    cda_substanceAdministration.participant as cda_participant where ($this.typeCode != 'AUT') -> 
      fhir_bundle.entry as fhir_bundle_entry,
      fhir_bundle_entry.resource = create('Provenance') as fhir_provenance,
      fhir_provenance.id = uuid() as fhir_provenance_id,
      fhir_bundle_entry.fullUrl = append('urn:uuid:', fhir_provenance_id),
      fhir_immunizationRecommendation.id as fhir_immunizationRecommendation_id,
      fhir_provenance.target = create('Reference') as fhir_provenance_target_reference,
      fhir_provenance_target_reference.reference = append('urn:uuid:', fhir_immunizationRecommendation_id),
      fhir_provenance_target_reference.type = 'ImmunizationRecommendation' then 
        CdaParticipantToFhirProvenance(cda_participant, fhir_provenance, fhir_bundle);

    // substanceAdministration/entryRelationship (Immunization Target Entry)
    cda_substanceAdministration.entryRelationship as cda_substanceAdministration_entryRelationship where ($this.observation.templateId.where(root='1.2.40.0.34.6.0.11.3.2')) then {
      cda_substanceAdministration_entryRelationship.observation as cda_observation then {
        // substanceAdministration/entryRelationship/observation/code -> ImmunizationRecommendation.recommendation.targetDisease
        cda_observation.code -> fhir_immunizationRecommendation_recommendation.targetDisease;
      };
    };

    // substanceAdministration/entryRelationship (Comment Entry)
    cda_substanceAdministration.entryRelationship as cda_substanceAdministration_entryRelationship where ($this.act.templateId.where(root='1.2.40.0.34.6.0.11.3.17')) then {
      // substanceAdministration/entryRelationship/act
      cda_substanceAdministration_entryRelationship.act as cda_act -> 
        fhir_immunizationRecommendation_recommendation.description as fhir_description then CdaNarrativeTextToFhirString(cda_act, cda_section, fhir_description); 
    };

    // substanceAdministration/reference/externalDocument -> Immunization.identifier
    cda_substanceAdministration.reference as cda_substanceAdministration_reference where ($this.externalDocument.templateId.where(root='1.2.40.0.34.6.0.11.3.14')) then {
        cda_substanceAdministration_reference.externalDocument as cda_substanceAdministration_reference_externalDocument then {
          cda_substanceAdministration_reference_externalDocument.id as cda_substanceAdministration_reference_externalDocument_id -> 
            fhir_immunizationRecommendation.identifier as fhir_immunizationRecommendation_identifier,
            fhir_immunizationRecommendation_identifier.use = 'secondary' then II(cda_substanceAdministration_reference_externalDocument_id, fhir_immunizationRecommendation_identifier) {
              cda_substanceAdministration_reference_externalDocument.code -> fhir_immunizationRecommendation_identifier.type; 
          };
        };
    };

    // substanceAdministration/precondition (Immunization Schedule Entry)
    cda_substanceAdministration.precondition as cda_substanceAdministration_precondition then {
      // substanceAdministration/precondition/criterion
      cda_substanceAdministration_precondition.criterion as cda_criterion then {
        // substanceAdministration/precondition/criterion/code -> Immunization.protocolApplied.series
        cda_criterion.code as cda_criterion_code where ($this.nullFlavor.exists().not()) then {
          // substanceAdministration/precondition/criterion/code/@code -> Immunization.protocolApplied.series
          cda_criterion_code.code as cda_criterion_code_code ->
            fhir_immunizationRecommendation_recommendation.series = cast(cda_criterion_code_code, 'string') as fhir_immunizationRecommendation_recommendation_series,
            fhir_immunizationRecommendation_recommendation_series.extension as fhir_immunizationRecommendation_recommendation_series_extension,
            fhir_immunizationRecommendation_recommendation_series_extension.url = 'http://hl7.org/fhir/StructureDefinition/iso21090-codedString',
            fhir_immunizationRecommendation_recommendation_series_extension.value = create('Coding') as fhir_coding then 
              // substanceAdministration/precondition/criterion/code -> Immunization.protocolApplied.series.extension.coding
              CECoding(cda_criterion_code, fhir_coding);
        };

        // substanceAdministration/precondition/criterion/value -> Immunization.protocolApplied.doseNumberString
        cda_criterion.value as cda_criterion_value where ($this.nullFlavor.exists().not()) then {
          cda_criterion_value.code as cda_criterion_value_code ->
            fhir_immunizationRecommendation_recommendation.doseNumber = cast(cda_criterion_value_code, 'string') as fhir_immunizationRecommendation_recommendation_doseNumber,
            fhir_immunizationRecommendation_recommendation_doseNumber.extension as fhir_immunizationRecommendation_recommendation_doseNumber_extension,
            fhir_immunizationRecommendation_recommendation_doseNumber_extension.url = 'http://hl7.org/fhir/StructureDefinition/iso21090-codedString',
            fhir_immunizationRecommendation_recommendation_doseNumber_extension.value = create('Coding') as fhir_coding then 
              // substanceAdministration/precondition/criterion/value -> Immunization.protocolApplied.doseNumberString.extension.coding
              CECoding(cda_criterion_value, fhir_coding);
        };
        // substanceAdministration/precondition/criterion/value -> Immunization.protocolApplied.doseNumberString
        // based on https://hl7.eu/fhir/base-r5/missing-data.html
        cda_criterion.value as cda_criterion_value where ($this.nullFlavor.exists()) -> 
          fhir_immunizationRecommendation_recommendation.doseNumber = create('string') as fhir_immunizationRecommendation_recommendation_doseNumber,
          fhir_immunizationRecommendation_recommendation_doseNumber.extension as fhir_immunizationRecommendation_recommendation_doseNumber_extension then 
          CdaNullFlavorToFhirDataAbsentReason(cda_criterion_value, fhir_immunizationRecommendation_recommendation_doseNumber_extension); 
      }; 
    }; 
  };
}

group CdaVaccineCodeToFhirVaccineCode(source cda_manufacturedMaterial: Material, target fhir_vaccineCode: CodeableConcept) {
  // substanceAdministration/consumable/manufacturedProduct/manufacturedMaterial/code -> fhir_vaccineCode
  // nullFlavor = 'NA' covers Vaccine Product nicht angegeben - 1.2.40.0.34.6.0.11.9.31
  // based on https://hl7.eu/fhir/base-r5/missing-data.html
  cda_manufacturedMaterial.code as cda_manufacturedMaterial_code where ($this.nullFlavor = 'NA') then {
    cda_manufacturedMaterial_code.nullFlavor as cda_manufacturedMaterial_code_nullFlavor ->
      fhir_vaccineCode.coding as fhir_vaccineCode_coding,
      fhir_vaccineCode_coding.system = 'http://terminology.hl7.org/CodeSystem/data-absent-reason',
      fhir_vaccineCode_coding.code = translate(cda_manufacturedMaterial_code_nullFlavor, '#v3-NullFlavor-2-data-absent-reason', 'code');
  };

  // substanceAdministration/consumable/manufacturedProduct/manufacturedMaterial/code -> fhir_vaccineCode
  cda_manufacturedMaterial.code as cda_manufacturedMaterial_code where ($this.nullFlavor.exists().not()) then CECodeableConcept(cda_manufacturedMaterial_code, fhir_vaccineCode); 
}

// _________________________ Template Type not specified  ___________________

group CdaParticipantToFhirProvenance(source cda_participant: Participant2, target fhir_provenance: Provenance, target fhir_bundle: Bundle){
  // participant/time -> Provenance.occurredDateTime
  cda_participant.time as cda_participant_time -> 
    fhir_provenance.occurred = create('dateTime') as fhir_provenance_occurred then 
      TSDateTime(cda_participant_time, fhir_provenance_occurred) "CdaParticipantTimeToFhirProvenanceOccurred";

  // Provenance.recorded
  cda_participant -> 
    fhir_provenance.recorded as fhir_provenance_recorded,
    fhir_provenance_recorded.extension as fhir_provenance_recorded_extension,
    fhir_provenance_recorded_extension.url = 'http://hl7.org/fhir/StructureDefinition/data-absent-reason',
    fhir_provenance_recorded_extension.value = create('code') as fhir_provenance_recorded_extension_value,
    fhir_provenance_recorded_extension_value.value = 'unknown';

  // participant/participantRole -> Provenance.agent
  cda_participant.participantRole as cda_participant_role -> fhir_provenance.agent as fhir_provenance_agent then {
    // substanceAdministration/participant (Participant Body - Transcriber = Nachtragende Person (Datenverarbeitende Person))
    cda_participant where ($this.templateId.where(root='1.2.40.0.34.6.0.11.9.14')) -> 
      fhir_provenance_agent.type as fhir_provenance_agent_type,
      fhir_provenance_agent_type.coding as fhir_provenance_agent_type_coding,
      fhir_provenance_agent_type_coding.system = 'http://terminology.hl7.org/CodeSystem/provenance-participant-type',
      fhir_provenance_agent_type_coding.code = 'enterer',
      fhir_provenance_agent.role as fhir_provenance_agent_role,
      fhir_provenance_agent_role.coding as fhir_provenance_agent_role_coding,
      fhir_provenance_agent_role_coding.system = 'http://terminology.hl7.org/CodeSystem/v3-ParticipationType',
      fhir_provenance_agent_role_coding.code = 'TRANS';

    // substanceAdministration/participant (Participant Body - Verifier = Korrigierende Person (Datenverarbeitende Person))
    cda_participant where ($this.templateId.where(root='1.2.40.0.34.6.0.11.9.44')) -> 
      fhir_provenance_agent.type as fhir_provenance_agent_type,
      fhir_provenance_agent_type.coding as fhir_provenance_agent_type_coding,
      fhir_provenance_agent_type_coding.system = 'http://terminology.hl7.org/CodeSystem/provenance-participant-type',
      fhir_provenance_agent_type_coding.code = 'verifier';

    // substanceAdministration/participant (Participant Body - Data Enterer = "Eintragende Person": Die dokumentierende Person (z.B. Medizinische Dokumentationsassistenz, Schreibkraft))
    cda_participant where ($this.templateId.where(root='1.2.40.0.34.6.0.11.9.47')) -> 
      fhir_provenance_agent.type as fhir_provenance_agent_type,
      fhir_provenance_agent_type.coding as fhir_provenance_agent_type_coding,
      fhir_provenance_agent_type_coding.system = 'http://terminology.hl7.org/CodeSystem/provenance-participant-type',
      fhir_provenance_agent_type_coding.code = 'enterer',
      fhir_provenance_agent.role as fhir_provenance_agent_role,
      fhir_provenance_agent_role.coding as fhir_provenance_agent_role_coding,
      fhir_provenance_agent_role_coding.system = 'http://terminology.hl7.org/CodeSystem/v3-ParticipationType',
      fhir_provenance_agent_role_coding.code = 'ENT';

    // participantRole -> PractitionerRole
    cda_participant_role where ($this.playingEntity.exists()) -> 
      fhir_bundle.entry as fhir_bundle_entry_01,
      fhir_bundle_entry_01.resource = create('PractitionerRole') as fhir_practitionerRole,
      fhir_practitionerRole.id = uuid() as fhir_practitionerRole_id,
      fhir_bundle_entry_01.fullUrl = append('urn:uuid:', fhir_practitionerRole_id),
      fhir_provenance_agent.who = create('Reference') as fhir_provenance_agent_who_reference,
      fhir_provenance_agent_who_reference.reference = append('urn:uuid:', fhir_practitionerRole_id),
      fhir_provenance_agent_who_reference.type = 'PractitionerRole',
      fhir_bundle.entry as fhir_bundle_entry_02,
      fhir_bundle_entry_02.resource = create('Practitioner') as fhir_practitioner,
      fhir_practitioner.id = uuid() as fhir_practitioner_id,
      fhir_bundle_entry_02.fullUrl = append('urn:uuid:', fhir_practitioner_id),
      fhir_practitionerRole.practitioner = create('Reference') as fhir_practitionerRole_practitioner_reference,
      fhir_practitionerRole_practitioner_reference.reference = append('urn:uuid:', fhir_practitioner_id),
      fhir_practitionerRole_practitioner_reference.type = 'Practitioner' then {
        // participantRole/id ->  Practitioner.identifier
        cda_participant_role.id where ($this.nullFlavor.exists().not()) -> fhir_practitioner.identifier;
        
        // participantRole/addr -> Practitioner.address
        cda_participant_role.addr -> fhir_practitioner.address;

        // participantRole/telecom -> Practitioner.telecom
        cda_participant_role.telecom -> fhir_practitioner.telecom;
       
        // participantRole/playingEntity -> Practitioner.name
        cda_participant_role.playingEntity as cda_participant_role_playingEntity then {
          // participantRole/playingEntity/name -> Practitioner.name
          cda_participant_role_playingEntity.name -> fhir_practitioner.name;
        };
        
        // participantRole/scopingEntity -> PractitionerRole.organization 
        cda_participant_role.scopingEntity as cda_participant_role_scoping_entity then {
          cda_participant_role_scoping_entity.desc as cda_participant_role_scoping_entity_desc ->
            fhir_practitionerRole.organization = create('Reference') as fhir_practitionerRole_organization_reference,
            fhir_practitionerRole_organization_reference.display = (cda_participant_role_scoping_entity_desc.xmlText);
        };
      };
    
    // participantRole -> Device
    cda_participant_role where ($this.playingDevice.exists()) ->
      // create Device
      fhir_bundle.entry as fhir_bundle_entry,
      fhir_bundle_entry.resource = create('Device') as fhir_device,
      fhir_device.id = uuid() as fhir_device_id,
      fhir_bundle_entry.fullUrl = append('urn:uuid:', fhir_device_id),
      // link Device to Provenance
      fhir_provenance_agent.who = create('Reference') as fhir_provenance_agent_who_reference,
      fhir_provenance_agent_who_reference.reference = append('urn:uuid:', fhir_device_id),
      fhir_provenance_agent_who_reference.type = 'Device' then {
        // participantRole/id ->  Device.identifier
        cda_participant_role.id where ($this.nullFlavor.exists().not()) -> fhir_device.identifier;
        
        // participantRole/telecom -> Device.contact
        cda_participant_role.telecom -> fhir_device.contact;

        // participantRole/playingDevice -> Device 
        cda_participant_role.playingDevice as cda_participant_role_playingDevice then {
          // participantRole/playingDevice/manufacturerModelName -> Device.name
          cda_participant_role_playingDevice.manufacturerModelName as cda_manufacturerModelName ->
            fhir_device.deviceName as fhir_device_deviceName,
            fhir_device_deviceName.name = (cda_manufacturerModelName.xmlText),
            fhir_device_deviceName.type = 'model-name';
          // participantRole/playingDevice/softwareName -> Device.version
          cda_participant_role_playingDevice.softwareName as cda_softwareName ->
            fhir_device.version as fhir_device_version,
            fhir_device_version.value = (cda_softwareName.xmlText);
        };

        cda_participant_role where ($this.addr.exists() or $this.scopingEntity.exists()) ->
          // create Organization
          fhir_bundle.entry as fhir_bundle_entry,
          fhir_bundle_entry.resource = create('Organization') as fhir_organization,
          fhir_organization.id = uuid() as fhir_organization_id,
          fhir_bundle_entry.fullUrl = append('urn:uuid:', fhir_organization_id),
          // link Organization to Device
          fhir_device.owner = create('Reference') as fhir_device_owner_reference,
          fhir_device_owner_reference.reference = append('urn:uuid:', fhir_organization_id),
          fhir_device_owner_reference.type = 'Organization' then {
            // participantRole/addr -> Organization.address
            cda_participant_role.addr -> fhir_organization.address;
                  
            // participantRole/scopingEntity -> PractitionerRole.organization 
            cda_participant_role.scopingEntity as cda_participant_role_scoping_entity then {
              cda_participant_role_scoping_entity.desc as cda_participant_role_scoping_entity_desc -> 
                fhir_organization.name = (cda_participant_role_scoping_entity_desc.xmlText);
            };
            // set data-absent-reason in case no organization name is present
            cda_participant_role where ($this.scopingEntity.exists().not()) ->
              fhir_organization.name as fhir_organization_name,
              fhir_organization_name.extension as fhir_organization_name_extension,
              fhir_organization_name_extension.url = 'http://hl7.org/fhir/StructureDefinition/data-absent-reason',
              fhir_organization_name_extension.value = create('code') as fhir_organization_name_extension_value,
              fhir_organization_name_extension_value.value = 'unknown';
          };
      };
  };
}

group CdaPerformerToFhirProvenance(source cda_performer: Performer2, target fhir_provenance: Provenance, target fhir_practitionerRole: PractitionerRole, target fhir_bundle: Bundle){
  // performer/time -> Provenance.occurredDateTime
  cda_performer.time as cda_performer_time -> 
    fhir_provenance.occurred = create('dateTime') as fhir_provenance_occurred then 
      TSDateTime(cda_performer_time, fhir_provenance_occurred) "CdaPerformerTimeToFhirProvenanceOccurred";

  // Provenance.recorded
  cda_performer -> 
    fhir_provenance.recorded as fhir_provenance_recorded,
    fhir_provenance_recorded.extension as fhir_provenance_recorded_extension,
    fhir_provenance_recorded_extension.url = 'http://hl7.org/fhir/StructureDefinition/data-absent-reason',
    fhir_provenance_recorded_extension.value = create('code') as fhir_provenance_recorded_extension_value,
    fhir_provenance_recorded_extension_value.value = 'unknown';

  // performer/assignedEntity -> PractitionerRole
  cda_performer.assignedEntity as cda_performer_assignedEntity ->
    fhir_provenance.agent as fhir_provenance_agent,
    fhir_provenance_agent.type as fhir_provenance_agent_type,
    fhir_provenance_agent_type.coding as fhir_provenance_agent_type_coding,
    fhir_provenance_agent_type_coding.system = 'http://terminology.hl7.org/CodeSystem/provenance-participant-type',
    fhir_provenance_agent_type_coding.code = 'performer',
    fhir_practitionerRole.id as fhir_practitionerRole_id,
    fhir_provenance_agent.who = create('Reference') as fhir_provenance_agent_who_reference,
    fhir_provenance_agent_who_reference.reference = append('urn:uuid:', fhir_practitionerRole_id),
    fhir_provenance_agent_who_reference.type = 'PractitionerRole' then 
      CdaAssignedEntityToFhirPractitionerRole(cda_performer_assignedEntity, fhir_practitionerRole, fhir_bundle);
}

group CdaAuthorPersonToFhirProvenance(source cda_author: Author, target fhir_provenance: Provenance, target fhir_practitionerRole: PractitionerRole, target fhir_bundle: Bundle){
  // author/time -> Provenance.occurredDateTime
  // see CdaAuthorToFhirPractitionerAndPractitionerRole which is also used for ClinicalDocument/author: https://github.com/HL7Austria/CDA2FHIR/issues/159
  cda_author.time as cda_author_time where ($this.nullFlavor.exists().not()) -> 
    fhir_provenance.occurred = create('dateTime') as fhir_provenance_occurred then 
      TSDateTime(cda_author_time, fhir_provenance_occurred) "CdaPerformerTimeToFhirProvenanceOccurred";

  // Provenance.recorded
  cda_author -> 
    fhir_provenance.recorded as fhir_provenance_recorded,
    fhir_provenance_recorded.extension as fhir_provenance_recorded_extension,
    fhir_provenance_recorded_extension.url = 'http://hl7.org/fhir/StructureDefinition/data-absent-reason',
    fhir_provenance_recorded_extension.value = create('code') as fhir_provenance_recorded_extension_value,
    fhir_provenance_recorded_extension_value.value = 'unknown';

  // author/assignedEntity -> PractitionerRole
  cda_author ->
    fhir_provenance.agent as fhir_provenance_agent,
    fhir_provenance_agent.type as fhir_provenance_agent_type,
    fhir_provenance_agent_type.coding as fhir_provenance_agent_type_coding,
    fhir_provenance_agent_type_coding.system = 'http://terminology.hl7.org/CodeSystem/provenance-participant-type',
    fhir_provenance_agent_type_coding.code = 'author',
    fhir_practitionerRole.id as fhir_practitionerRole_id,
    fhir_provenance_agent.who = create('Reference') as fhir_provenance_agent_who_reference,
    fhir_provenance_agent_who_reference.reference = append('urn:uuid:', fhir_practitionerRole_id),
    fhir_provenance_agent_who_reference.type = 'PractitionerRole' then 
      CdaAuthorToFhirPractitionerRole(cda_author, fhir_practitionerRole, fhir_bundle);
}

group CdaAuthorDeviceToFhirProvenance(source cda_author: Author, target fhir_provenance: Provenance, target fhir_bundle: Bundle){
  // author/time -> Provenance.occurredDateTime
  // see CdaAuthorToFhirPractitionerAndPractitionerRole which is also used for ClinicalDocument/author: https://github.com/HL7Austria/CDA2FHIR/issues/159
  cda_author.time as cda_author_time where ($this.nullFlavor.exists().not()) -> 
    fhir_provenance.occurred = create('dateTime') as fhir_provenance_occurred then 
      TSDateTime(cda_author_time, fhir_provenance_occurred) "CdaPerformerTimeToFhirProvenanceOccurred";

  // Provenance.recorded
  cda_author -> 
    fhir_provenance.recorded as fhir_provenance_recorded,
    fhir_provenance_recorded.extension as fhir_provenance_recorded_extension,
    fhir_provenance_recorded_extension.url = 'http://hl7.org/fhir/StructureDefinition/data-absent-reason',
    fhir_provenance_recorded_extension.value = create('code') as fhir_provenance_recorded_extension_value,
    fhir_provenance_recorded_extension_value.value = 'unknown';

  // author/assignedEntity -> Device
  cda_author ->
    fhir_provenance.agent as fhir_provenance_agent,
    fhir_provenance_agent.type as fhir_provenance_agent_type,
    fhir_provenance_agent_type.coding as fhir_provenance_agent_type_coding,
    fhir_provenance_agent_type_coding.system = 'http://terminology.hl7.org/CodeSystem/provenance-participant-type',
    fhir_provenance_agent_type_coding.code = 'author',
    fhir_bundle.entry as fhir_bundle_entry,
    fhir_bundle_entry.resource = create('Device') as fhir_device,
    fhir_device.id = uuid() as fhir_device_id,
    fhir_bundle_entry.fullUrl = append('urn:uuid:', fhir_device_id),
    fhir_provenance_agent.who = create('Reference') as fhir_provenance_agent_who_reference,
    fhir_provenance_agent_who_reference.reference = append('urn:uuid:', fhir_device_id),
    fhir_provenance_agent_who_reference.type = 'Device' then 
      CdaAuthorToFhirDevice(cda_author, fhir_device, fhir_bundle);
}