map "https://fhir.hl7.at/elga/cda2fhir/r4/StructureMap/at-cda-emed-to-fhir" = "CdaEmedToFhir"

//
// Mapping ELGA-CDA eMedikation to FHIR
//

conceptmap "cda-emed-clinicaldocument-code-2-fhir-category" {
  prefix s = "http://loinc.org"

  s: "56445-0" == s: "56445-0"
  s: "57833-6" == s: "57833-6"
  s: "60593-1" == s: "60593-1"
}

uses "http://hl7.org/cda/stds/core/StructureDefinition/ClinicalDocument" alias ClinicalDocument as source
uses "http://hl7.org/cda/stds/core/StructureDefinition/Author" alias Author as source
uses "http://hl7.org/cda/stds/core/StructureDefinition/AssignedAuthor" alias AssignedAuthor as source
uses "http://hl7.org/cda/stds/core/StructureDefinition/AssignedEntity" alias AssignedEntity as source
uses "http://hl7.org/cda/stds/core/StructureDefinition/AssociatedEntity" alias AssociatedEntity as source
uses "http://hl7.org/cda/stds/core/StructureDefinition/CustodianOrganization" alias CustodianOrganization as source
uses "http://hl7.org/cda/stds/core/StructureDefinition/Section" alias Section as source
uses "http://hl7.org/cda/stds/core/StructureDefinition/PatientRole" alias PatientRole as source
uses "http://hl7.org/cda/stds/core/StructureDefinition/StructuredBody" alias StructuredBody as source
uses "http://hl7.org/cda/stds/core/StructureDefinition/Observation" alias CDAObservation as source
uses "http://hl7.org/cda/stds/core/StructureDefinition/Performer2" alias Performer as source
uses "http://hl7.org/cda/stds/core/StructureDefinition/Procedure" alias Procedure as source
uses "http://hl7.org/cda/stds/core/StructureDefinition/Organizer" alias Organizer as source
uses "http://hl7.org/cda/stds/core/StructureDefinition/Participant1" alias Participant as source
uses "http://hl7.org/cda/stds/core/StructureDefinition/Act" alias Act as source

uses "http://hl7.org/fhir/4.3/StructureDefinition/Bundle" alias Bundle as target
uses "http://hl7.org/fhir/4.3/StructureDefinition/Composition" alias Composition as target
uses "http://hl7.org/fhir/4.3/StructureDefinition/Patient" alias Patient as target
uses "http://hl7.org/fhir/4.3/StructureDefinition/Person" alias Person as target
uses "http://hl7.org/fhir/4.3/StructureDefinition/Practitioner" alias Practitioner as target
uses "http://hl7.org/fhir/4.3/StructureDefinition/PractitionerRole" alias PractitionerRole as target
uses "http://hl7.org/fhir/4.3/StructureDefinition/Organization" alias Organization as target
uses "http://hl7.org/fhir/4.3/StructureDefinition/DiagnosticReport" alias DiagnosticReport as target
uses "http://hl7.org/fhir/4.3/StructureDefinition/ServiceRequest" alias ServiceRequest as target
uses "http://hl7.org/fhir/4.3/StructureDefinition/Observation" alias Observation as target

imports "http://hl7.at/fhir/HL7ATCoreProfiles/4.0.1/StructureMap/at-cda-to-fhir-types"


// _________________________ Document Level Template  _________________________

group CdaEmedToFhirBundle(source cda: ClinicalDocument, target fhir_patient: Patient, target fhir_composition: Composition, target fhir_bundle: Bundle) { // Mapping ELGA-CDA eMedikation to FHIR
   
   // map the CDA header
   cda then CdaEmedHeaderToFhirComposition(cda, fhir_composition, fhir_patient, fhir_bundle) "CdaEmedHeaderToFhirComposition";
   cda then CdaEmedHeaderToFhir(cda, fhir_composition, fhir_patient, fhir_bundle) "CdaEmedHeaderToFhir"; 

   // map the CDA body
   // ClinicalDocument.component
   //cda.component as cda_component then {
     // ClinicalDocument.component.structuredBody
   //  cda_component.structuredBody as cda_structuredBody
   //then CdaEmedBodyToFhirComposition(cda, cda_structuredBody, fhir_composition, fhir_patient, fhir_bundle);
   //} "CdaEmedToFhirBundle";
}

// _________________________ Header Level Templates _________________________

group CdaEmedHeaderToFhirComposition(source cda : ClinicalDocument, target fhir_composition : Composition, target fhir_patient: Patient, target fhir_bundle: Bundle) extends CdaHeaderToFhirComposition {
   
  cda.code as cda_code then {

   // ClinicalDocument/code -> Composition.category
   cda_code.code as code_code ->
    fhir_composition.category as fhir_composition_category,
    fhir_composition_category.coding = translate(code_code, '#cda-emed-clinicaldocument-code-2-fhir-category' , 'Coding') "CdaEmedCodeToFhirCompositionCategory";

   // ClinicalDocument/code/translation (document class) -> Composition.type
   // for CDA eMedication, translation is fixed to 52471-0 LOINC
   cda_code.translation -> fhir_composition.type "CdaEmedCodeTranslationToFhirCompositionType";
   // in case CDA does not have translation, the Composition.type will be explicitly set
   cda_code where cda_code.translation.exists().not() ->
     fhir_composition.type = create('CodeableConcept') as type_coding,
     type_coding.coding = create('Coding') as coding_coding,
     coding_coding.system = 'http://loinc.org',
     coding_coding.code = '52471-0'
     "CdaEmedMissingCodeTranslationToFhirCompositionType";

  } "CdaEmedCodeToFhirComposition";
   
}

group CdaEmedHeaderToFhir(source cda: ClinicalDocument, target fhir_composition: Composition, target fhir_patient: Patient, target fhir_bundle: Bundle) extends CdaHeaderToFhir {
   //cda -> fhir_bundle "CdaEmedHeaderToFhir"; // Mapping the CDA document header to the FHIR bundle
}

// _________________________ Body Level Templates ____________________________

//group CdaEmedBodyToFhirComposition(source cda: ClinicalDocument, source cda_structuredBody: StructuredBody, target fhir_composition: Composition, target fhir_patient: Patient, target fhir_bundle: Bundle) {

//   cda_structuredBody.component as cda_structuredBody_component then {
     // Map each CDA section to the FHIR composition sections
     //cda_structuredBody_component.section as cda_section then CdaEmedSectionToFhir(cda, cda_section, fhir_composition, fhir_patient, fhir_bundle);
//   } "CdaEmedBodyToFhirComposition";
//}

//group CdaEmedSectionToFhir(source cda: ClinicalDocument, source cda_section: Section, target fhir_composition: Composition, target fhir_patient: Patient, target fhir_bundle: Bundle) {
   
//   cda_section as cda_section then {
//      cda_section.entry as cda_entry then {
         // Map CDA entries to FHIR resources (e.g., Observations, Procedures, etc.)
         //cda_entry.observation as cda_observation then CdaEmedObservationToFhir(cda, cda_observation, fhir_composition, fhir_patient, fhir_bundle);
         //cda_entry.procedure as cda_procedure then CdaEmedProcedureToFhir(cda, cda_procedure, fhir_composition, fhir_patient, fhir_bundle);
         // Add more mappings for other CDA entry types as needed
//      }
//   } "CdaEmedSectionToFhir"; // Mapping the CDA sections to the FHIR composition sections
//}
  
  