map "https://fhir.hl7.at/elga/cda2fhir/r4/StructureMap/at-cda-lab-to-fhir" = "CdaLabToFhir"

//
// Mapping CDA2FHIR
//

conceptmap "cda-lab-clinicaldocument-code-2-fhir-category" {
  prefix s = "http://loinc.org"

  s: "11502-2" == s: "26436-6"
  s: "18725-2" == s: "18725-2"
}

conceptmap "cda-sdtc-statuscode-2-fhir-diagnosticreport-status" {
  prefix s = "http://terminology.hl7.org/CodeSystem/v3-ActStatus"
  prefix t = "http://hl7.org/fhir/diagnostic-report-status"

  s:"active" == t:"preliminary"
  s:"nullified" == t:"entered-in-error"
}

uses "http://hl7.org/cda/stds/core/StructureDefinition/ClinicalDocument" alias ClinicalDocument as source
uses "http://hl7.org/cda/stds/core/StructureDefinition/Author" alias Author as source
uses "http://hl7.org/cda/stds/core/StructureDefinition/AssignedAuthor" alias AssignedAuthor as source
uses "http://hl7.org/cda/stds/core/StructureDefinition/AssignedEntity" alias AssignedEntity as source
uses "http://hl7.org/cda/stds/core/StructureDefinition/AssociatedEntity" alias AssociatedEntity as source
uses "http://hl7.org/cda/stds/core/StructureDefinition/CustodianOrganization" alias CustodianOrganization as source
uses "http://hl7.org/cda/stds/core/StructureDefinition/Section" alias Section as source
uses "http://hl7.org/cda/stds/core/StructureDefinition/PatientRole" alias PatientRole as source
uses "http://hl7.org/cda/stds/core/StructureDefinition/StructuredBody" alias StructuredBody as source
uses "http://hl7.org/cda/stds/core/StructureDefinition/Observation" alias CDAObservation as source
uses "http://hl7.org/cda/stds/core/StructureDefinition/Performer2" alias Performer as source
uses "http://hl7.org/cda/stds/core/StructureDefinition/Procedure" alias Procedure as source
uses "http://hl7.org/cda/stds/core/StructureDefinition/Organizer" alias Organizer as source
uses "http://hl7.org/cda/stds/core/StructureDefinition/Participant1" alias Participant as source
uses "http://hl7.org/cda/stds/core/StructureDefinition/Act" alias Act as source

uses "http://hl7.org/fhir/4.3/StructureDefinition/Bundle" alias Bundle as target
uses "http://hl7.org/fhir/4.3/StructureDefinition/Composition" alias Composition as target
uses "http://hl7.org/fhir/4.3/StructureDefinition/Patient" alias Patient as target
uses "http://hl7.org/fhir/4.3/StructureDefinition/Person" alias Person as target
uses "http://hl7.org/fhir/4.3/StructureDefinition/Practitioner" alias Practitioner as target
uses "http://hl7.org/fhir/4.3/StructureDefinition/PractitionerRole" alias PractitionerRole as target
uses "http://hl7.org/fhir/4.3/StructureDefinition/Organization" alias Organization as target
uses "http://hl7.org/fhir/4.3/StructureDefinition/DiagnosticReport" alias DiagnosticReport as target
uses "http://hl7.org/fhir/4.3/StructureDefinition/ServiceRequest" alias ServiceRequest as target
uses "http://hl7.org/fhir/4.3/StructureDefinition/Observation" alias Observation as target
uses "http://hl7.org/fhir/4.3/StructureDefinition/Specimen" alias Specimen as target

imports "http://hl7.at/fhir/HL7ATCoreProfiles/4.0.1/StructureMap/at-cda-to-fhir-types"

// _________________________ Document Level Template  _________________________

group CdaLabToFhirBundle(source cda: ClinicalDocument, target fhir_patient: Patient, target fhir_composition: Composition, target fhir_bundle: Bundle) {
  // Set FHIR profile
  // TODO: for ELGA no profile has been defined yet
  // cda ->
  //   fhir_bundle.meta as fhir_bundle_meta,
  //   fhir_bundle_meta.profile = 'http://fhir.ehdsi.eu/laboratory/StructureDefinition/Bundle-lab-myhealtheu'
  //   "FhirBundleProfile";
  cda ->
    // create the DiagnosticReport to have it as reference for later transformations
    fhir_bundle.entry as fhir_bundle_entry_1,
    fhir_bundle_entry_1.resource = create('DiagnosticReport') as fhir_diagnosticReport,
    fhir_diagnosticReport.id = uuid() as fhir_diagnosticReport_id,
    fhir_bundle_entry_1.fullUrl = append('urn:uuid:', fhir_diagnosticReport_id),

    // create the ServiceRequest to have it as reference for later transformations
    // According to the CDA IG the element infulfillmentOf shall always be present. As such a ServiceRequest is always necessary.
    fhir_bundle.entry as fhir_bundle_entry_2,
    fhir_bundle_entry_2.resource = create('ServiceRequest') as fhir_serviceRequest,
    fhir_serviceRequest.id = uuid() as fhir_serviceRequest_id,
    fhir_bundle_entry_2.fullUrl = append('urn:uuid:', fhir_serviceRequest_id),
    // TODO: for ELGA no profile has been defined yet
    // fhir_serviceRequest.meta as fhir_serviceRequest_meta,
    // fhir_serviceRequest_meta.profile = 'http://fhir.ehdsi.eu/laboratory/StructureDefinition/ServiceRequest-lab-myhealtheu',

    // create relation from Composition to ServiceRequest
    // TODO: for ELGA no extension has been defined yet
    // fhir_composition.extension as fhir_composition_extenstion_01,
    // fhir_composition_extenstion_01.url = 'http://hl7.eu/fhir/StructureDefinition/composition-basedOn-order-or-requisition',
    // fhir_composition_extenstion_01.value = create('Reference') as fhir_diagnosticReport_composition_reference,
    // fhir_diagnosticReport_composition_reference.reference = append('urn:uuid:', fhir_serviceRequest_id),
    // fhir_diagnosticReport_composition_reference.type = 'ServiceRequest',

    // create relation from Composition to DiagnosticReport
    // TODO: for ELGA no extension has been defined yet
    // fhir_composition.extension as fhir_composition_extenstion_02,
    // fhir_composition_extenstion_02.url = 'http://hl7.eu/fhir/laboratory/StructureDefinition/composition-diagnosticReportReference',
    // fhir_composition_extenstion_02.value = create('Reference') as fhir_composition_diagnosticReport_reference,
    // fhir_composition_diagnosticReport_reference.reference = append('urn:uuid:', fhir_diagnosticReport_id),
    // fhir_composition_diagnosticReport_reference.type = 'DiagnosticReport',

    // retrieve Composition uuid
    fhir_composition.id as fhir_composition_id,

    // create relation from DiagnosticReport to Composition
    fhir_diagnosticReport.extension as fhir_diagnosticReport_extension,
    fhir_diagnosticReport_extension.url = 'http://hl7.org/fhir/5.0/StructureDefinition/extension-DiagnosticReport.composition',
    fhir_diagnosticReport_extension.value = create('Reference') as fhir_diagnosticReport_composition_reference,
    fhir_diagnosticReport_composition_reference.reference = append('urn:uuid:', fhir_composition_id),
    fhir_diagnosticReport_composition_reference.type = 'Composition',

    // create relation from DiagnosticReport to ServiceRequest
    fhir_diagnosticReport.basedOn = create('Reference') as fhir_diagnosticReport_basedOn_reference,
    fhir_diagnosticReport_basedOn_reference.reference = append('urn:uuid:', fhir_serviceRequest_id),
    fhir_diagnosticReport_basedOn_reference.type = 'ServiceRequest',

    // retrieve Patient uuid
    fhir_patient.id as fhir_patient_id,

    // create relation from DiagnosticReport to Patient
    fhir_diagnosticReport.subject = create('Reference') as fhir_diagnosticReport_subject_reference,
    fhir_diagnosticReport_subject_reference.reference = append('urn:uuid:', fhir_patient_id),
    fhir_diagnosticReport_subject_reference.type = 'Patient',

    // create relation from ServiceRequest to Patient
    fhir_serviceRequest.subject = create('Reference') as fhir_serviceRequest_subject_reference,
    fhir_serviceRequest_subject_reference.reference = append('urn:uuid:', fhir_patient_id),
    fhir_serviceRequest_subject_reference.type = 'Patient'

    then {
      // map the CDA header
      cda then CdaLabHeaderToFhirComposition(cda, fhir_composition, fhir_patient, fhir_diagnosticReport, fhir_serviceRequest, fhir_bundle) "CdaLabHeaderToFhirComposition";
      cda then CdaLabHeaderToFhirDiagnosticReport(cda, fhir_diagnosticReport) "CdaLabHeaderToFhirDiagnosticReport";
      cda then CdaLabHeaderToFhir(cda, fhir_composition, fhir_patient, fhir_bundle, fhir_diagnosticReport, fhir_serviceRequest) "CdaLabHeaderToFhir"; 

      // map the CDA body
      // ClinicalDocument.component
      cda.component as cda_component then {
        // ClinicalDocument.component.structuredBody
        cda_component.structuredBody as cda_structuredBody
          then CdaLabBodyToFhirComposition(cda, cda_structuredBody, fhir_composition, fhir_patient, fhir_diagnosticReport, fhir_serviceRequest, fhir_bundle);
      };
    } "CdaLabToFhirBundle";
}

// _________________________ Header Level Templates _________________________

group CdaLabHeaderToFhirComposition(source cda : ClinicalDocument, target fhir_composition : Composition, target fhir_patient: Patient, target fhir_diagnosticReport: DiagnosticReport, target fhir_serviceRequest: ServiceRequest, target fhir_bundle : Bundle) extends CdaHeaderToFhirComposition {
  // TODO: for ELGA no profile has been defined yet
  // cda -> fhir_composition.meta as fhir_composition_meta,
  //   fhir_composition_meta.profile = 'http://fhir.ehdsi.eu/laboratory/StructureDefinition/Composition-lab-myhealtheu'
  //   "FhirCompositionProfile";

  // ClinicalDocument/code -> Composition.category
  cda.code as cda_code then {
    cda_code.code as code_code ->
    fhir_composition.category as fhir_composition_category,
    fhir_composition_category.coding = translate(code_code, '#cda-lab-clinicaldocument-code-2-fhir-category' , 'Coding') "code";
  };

  // ClinicalDocument/code/translation -> Composition.type
  cda.code as cda_code then {
    // for CDA laboratory report translation is fixed to 11502-2 LOINC
    cda_code.translation -> fhir_composition.type;
    // in case CDA does not have translation the Composition.type will be explicitly set
    cda_code where cda_code.translation.exists().not() ->
      fhir_composition.type = create('CodeableConcept') as type_coding,
      type_coding.coding = create('Coding') as coding_coding,
      coding_coding.system = 'http://loinc.org',
      coding_coding.code = '11502-2'
      "CdaMissingCodeTranslationToFhirCompositionType";
  };
}

group CdaLabHeaderToFhirDiagnosticReport(source cda : ClinicalDocument, target fhir_diagnosticReport: DiagnosticReport) {
  // TODO: for ELGA no profile has been defined yet
  // cda -> fhir_diagnosticReport.meta as fhir_diagnosticReport_meta,
  //   fhir_diagnosticReport_meta.profile = 'http://fhir.ehdsi.eu/laboratory/StructureDefinition/DiagnosticReport-lab-myhealtheu'
  //   "FhirDiagnosticReportProfile";

  // ClinicalDocument/code
  cda.code as cda_code then {
    cda_code.code as code_code ->
    fhir_diagnosticReport.category as fhir_diagnosticReport_category,
    fhir_diagnosticReport_category.coding = translate(code_code, '#cda-lab-clinicaldocument-code-2-fhir-category' , 'Coding') "code";
  };

  // ClinicalDocument/code/translation
  cda.code as cda_code then {
    // for CDA laboratory report translation is fixed to 11502-2 LOINC
    cda_code.translation -> fhir_diagnosticReport.code;
    // in case CDA does not have translation the DiagnosticReport.code will be explicitly set
    cda_code where cda_code.translation.exists().not() ->
      fhir_diagnosticReport.code = create('CodeableConcept') as code_coding,
      code_coding.coding = create('Coding') as coding_coding,
      coding_coding.system = 'http://loinc.org',
      coding_coding.code = '11502-2'
      "CdaMissingCodeTranslationToFhirCompositionType";
  };

  // ClinicalDocument/title
  // see Composition

  // ClinicalDocument/sdtc:statusCode
  // TODO clarify mapping
  cda.sdtcStatusCode as cda_statusCode where cda.sdtcStatusCode.exists() then {
    cda_statusCode.code as cda_code -> fhir_diagnosticReport.status = translate(cda_code, '#cda-sdtc-statuscode-2-fhir-diagnosticreport-status' , 'code');
  } "CdaStatusCodeToFhirCompositionStatusMapped";
  cda where cda.sdtcStatusCode.exists().not() -> fhir_diagnosticReport.status = 'final' "CdaStatusCodeToFhirCompositionStatusFixed";

  // ClinicalDocument/hl7at:terminologyDate
  // see Composition
  
  // ClinicalDocument/hl7at:formatCode: will not be mapped. (see AG ELGA CDA2FHIR 2025-11-17)

  // ClinicalDocument/hl7at:practiceSettingCode
  cda.practiceSettingCode -> fhir_diagnosticReport.category;

  // ClinicalDocument/effectiveTime
  cda.effectiveTime as cda_effectiveTime -> fhir_diagnosticReport.effective = create('dateTime') as fhir_diagnosticReport_effective then TSDateTime(cda_effectiveTime, fhir_diagnosticReport_effective) "CdaEffectiveTimeToFhirDiagnosticReportEffective";

  // ClinicalDocument/confidentialityCode
  // see Composition

  // ClinicalDocument/languageCode
  // see Composition

  // ClinicalDocument/setId
  cda.setId -> fhir_diagnosticReport.identifier;

  // ClinicalDocument/versionNumber
  // see Composition
}

group CdaLabHeaderToFhir(source cda: ClinicalDocument, target fhir_composition: Composition, target fhir_patient: Patient, target fhir_bundle: Bundle, target fhir_diagnosticReport: DiagnosticReport, target fhir_serviceRequest: ServiceRequest) extends CdaHeaderToFhir {
  // ClinicalDocument/dataEnterer -> DiagnosticReport.performer.where(extension.where(url='http://hl7.org/fhir/StructureDefinition/event-performerFunction' and valueCodeableConcept.coding[0].code='ENT'))
  cda.dataEnterer as cda_dataEnterer then {
    // ClinicalDocument.dataEnterer.time is missing in FHIR DiagnosticPerformer - no mapping target found yet
    cda_dataEnterer.assignedEntity as cda_assignedEntity ->
      // Create a PractitionerRole
      fhir_bundle.entry as fhir_bundle_entry,
      fhir_bundle_entry.resource = create('PractitionerRole') as fhir_practitionerRole,
      fhir_practitionerRole.id = uuid() as fhir_practitionerRole_id,
      fhir_bundle_entry.fullUrl = append('urn:uuid:', fhir_practitionerRole_id),
      fhir_diagnosticReport.performer = create('Reference') as fhir_diagnosticReport_performer,
      fhir_diagnosticReport_performer.reference = append('urn:uuid:', fhir_practitionerRole_id),
      fhir_diagnosticReport_performer.type = 'PractitionerRole',
      fhir_diagnosticReport_performer.extension as performer_function_extension,
      performer_function_extension.url = 'http://hl7.org/fhir/StructureDefinition/event-performerFunction',
      performer_function_extension.value = create('CodeableConcept') as performer_function_codeableConcept,
      performer_function_codeableConcept.coding = create('Coding') as performer_function_coding,
      performer_function_coding.system = 'http://terminology.hl7.org/CodeSystem/v3-ParticipationType',
      performer_function_coding.code = 'ENT' then CdaAssignedEntityToFhirPractitionerRole(cda_assignedEntity, fhir_practitionerRole, fhir_bundle);
  };

  // ClinicalDocument/informationRecipient -> Composition.extension
  // TODO: for ELGA no extension has been defined yet
  // cda.informationRecipient as cda_informationRecipient then {

  //   // -> PractitionerRole
  //   cda_informationRecipient.intendedRecipient as cda_intendedRecipient where ($this.receivedOrganization.exists()) then {

  //       // PractitionerRole creation
  //       cda_intendedRecipient ->
  //         fhir_bundle.entry as fhir_bundle_entry,
  //         fhir_bundle_entry.resource = create('PractitionerRole') as fhir_practitionerRole,
  //         fhir_practitionerRole.id = uuid() as fhir_practitionerRole_id,
  //         fhir_bundle_entry.fullUrl = append('urn:uuid:', fhir_practitionerRole_id),

  //         // Composition extension
  //         fhir_composition.extension as fhir_composition_informationRecipient_extension,
  //         fhir_composition_informationRecipient_extension.url = 'http://hl7.eu/fhir/StructureDefinition/information-recipient',
  //         fhir_composition_informationRecipient_extension.value = create('Reference') as fhir_composition_informationRecipient_extension_reference,
  //         fhir_composition_informationRecipient_extension_reference.reference = append('urn:uuid:', fhir_practitionerRole_id),
  //         fhir_composition_informationRecipient_extension_reference.type = 'PractitionerRole',
          
  //         // Practitioner creation
  //         fhir_bundle.entry as fhir_bundle_entry,
  //         fhir_bundle_entry.resource = create('Practitioner') as fhir_practitioner,
  //         fhir_practitioner.id = uuid() as fhir_practitioner_id,
  //         fhir_bundle_entry.fullUrl = append('urn:uuid:', fhir_practitioner_id),

  //         fhir_practitionerRole.practitioner = create('Reference') as fhir_practitionerRole_practitioner,
  //         fhir_practitionerRole_practitioner.reference = append('urn:uuid:', fhir_practitioner_id),
  //         fhir_practitionerRole_practitioner.type = 'Practitioner' then {
  //           cda_intendedRecipient.id where ($this.nullFlavor.exists().not()) -> fhir_practitioner.identifier;
  //           cda_intendedRecipient.informationRecipient as cda_informationRecipient_inner then {
  //             cda_informationRecipient_inner.name -> fhir_practitioner.name;
  //           };

  //           // Organization
  //           cda_intendedRecipient.receivedOrganization as cda_receivedOrganization ->
  //             fhir_bundle.entry as fhir_bundle_entry_org,
  //             fhir_bundle_entry_org.resource = create('Organization') as fhir_organization,
  //             fhir_organization.id = uuid() as fhir_organization_id,
  //             fhir_bundle_entry_org.fullUrl = append('urn:uuid:', fhir_organization_id),

  //             fhir_practitionerRole.organization = create('Reference') as fhir_practitionerRole_organization,
  //             fhir_practitionerRole_organization.reference = append('urn:uuid:', fhir_organization_id),
  //             fhir_practitionerRole_organization.type = 'Organization'then CdaOrganizationCompilationToFhirOrganization(cda_receivedOrganization, fhir_organization);
  //         } "CdaIntendedRecipientToFhirPractitionerRole";
  //   };

  //   cda_informationRecipient.intendedRecipient as cda_intendedRecipient where ($this.receivedOrganization.exists().not()) then {
    
  //     cda_intendedRecipient ->
  //       // Create RelatedPerson   
  //       fhir_bundle.entry as fhir_bundle_entry,
  //       fhir_bundle_entry.resource = create('RelatedPerson') as fhir_relatedPerson,
  //       fhir_relatedPerson.id = uuid() as fhir_relatedPerson_id,
  //       fhir_bundle_entry.fullUrl = append('urn:uuid:', fhir_relatedPerson_id),
        
  //       // Create Composition.extension
  //       fhir_composition.extension as fhir_composition_informationRecipient_extension,
  //       fhir_composition_informationRecipient_extension.url = 'http://hl7.eu/fhir/StructureDefinition/information-recipient',
  //       fhir_composition_informationRecipient_extension.value = create('Reference') as fhir_composition_informationRecipient_extension_reference,
  //       fhir_composition_informationRecipient_extension_reference.reference = append('urn:uuid:', fhir_relatedPerson_id),
  //       fhir_composition_informationRecipient_extension_reference.type = 'RelatedPerson' then {
  //         cda_intendedRecipient.id where ($this.nullFlavor.exists().not()) -> fhir_relatedPerson.identifier;
  //         cda_intendedRecipient -> 
  //           fhir_relatedPerson.patient = create('Reference') as fhir_relatedPerson_patient_reference,
  //           fhir_patient.id as fhir_patient_id,
  //           fhir_relatedPerson_patient_reference.reference = append('urn:uuid:',fhir_patient_id),
  //           fhir_relatedPerson_patient_reference.type ='Patient' "ReferenceToPatient";
  //         cda_intendedRecipient.informationRecipient as cda_informationRecipient_inner then {
  //           cda_informationRecipient_inner.name -> fhir_relatedPerson.name;
  //         };
  //       } "CdaIntendedRecipientToFhirRelatedPerson";
  //   };
  // };  

  // Participant Auftraggeber / Ordering Provider
  // ClinicalDocument/participant[@typeCode='REF'] -> ServiceRequest.requester
  cda.participant as cda_orderingProvider where ($this.typeCode='REF' and nullFlavor.exists().not()) ->
    // Create a PractitionerRole
    fhir_bundle.entry as fhir_bundle_entry,
    fhir_bundle_entry.resource = create('PractitionerRole') as fhir_practitionerRole,
    fhir_practitionerRole.id = uuid() as fhir_practitionerRole_id,
    fhir_bundle_entry.fullUrl = append('urn:uuid:', fhir_practitionerRole_id),
    fhir_serviceRequest.requester = create('Reference') as fhir_serviceRequest_requester_reference,
    fhir_serviceRequest_requester_reference.reference = append('urn:uuid:', fhir_practitionerRole_id),
    fhir_serviceRequest_requester_reference.type = 'PractitionerRole' then {
      // ClinicalDocument.participant[@typeCode='REF'].time
      cda_orderingProvider.time as cda_orderingProvider_time where (nullFlavor.exists().not()) then {
        cda_orderingProvider_time.value as v -> fhir_serviceRequest.authoredOn = cast(v, 'string');
      };
      // ClinicalDocument.participant[@typeCode='REF'].associatedEntity
      cda_orderingProvider.associatedEntity as cda_associatedEntity then CdaAssociatedEntityToFhirPractitionerRole(cda_associatedEntity, fhir_practitionerRole, fhir_bundle);
  } "CdaOrderingProviderToFhirServiceRequestRequester";

  // Participant Fachlicher Ansprechpartner
  // ClinicalDocument/participant[hl7:templateId[@root='1.2.40.0.34.6.0.11.1.20' or @root='1.2.40.0.34.11.1.1.1']] -> DiagnosticReport.performer.where(extension.where(url='http://hl7.org/fhir/StructureDefinition/event-performerFunction' and valueCodeableConcept.coding[0].code='CALLBCK'))
  cda.participant as cda_participant where templateId.where(root='1.2.40.0.34.6.0.11.1.20' or root='1.2.40.0.34.11.1.1.1') ->
    // Create a PractitionerRole
    fhir_bundle.entry as fhir_bundle_entry,
    fhir_bundle_entry.resource = create('PractitionerRole') as fhir_practitionerRole,
    fhir_practitionerRole.id = uuid() as fhir_practitionerRole_id,
    fhir_bundle_entry.fullUrl = append('urn:uuid:', fhir_practitionerRole_id) then {
      cda_participant.functionCode -> fhir_practitionerRole.specialty;
      cda_participant.associatedEntity as cda_associatedEntity ->
        fhir_diagnosticReport.performer = create('Reference') as fhir_diagnosticReport_performer,
        fhir_diagnosticReport_performer.reference = append('urn:uuid:', fhir_practitionerRole_id),
        fhir_diagnosticReport_performer.type = 'PractitionerRole',
        fhir_diagnosticReport_performer.extension as performer_function_extension,
        performer_function_extension.url = 'http://hl7.org/fhir/StructureDefinition/event-performerFunction',
        performer_function_extension.value = create('CodeableConcept') as performer_function_codeableConcept,
        performer_function_codeableConcept.coding = create('Coding') as performer_function_coding,
        performer_function_coding.system = 'http://terminology.hl7.org/CodeSystem/v3-ParticipationType',
        performer_function_coding.code = 'CALLBCK' then CdaAssociatedEntityToFhirPractitionerRole(cda_associatedEntity, fhir_practitionerRole, fhir_bundle);
    };

  // ClinicalDocument/inFulfillmentOf -> ServiceRequest
  // TODO check if relevant for all document types
  cda.inFulfillmentOf as cda_inFulFillmentOf then {
    // ClinicalDocument.inFulfillmentOf.order
    cda_inFulFillmentOf.order as cda_inFulFillmentOf_order then {
      // ClinicalDocument.inFulfillmentOf.order.id
      cda_inFulFillmentOf_order.id -> fhir_serviceRequest.identifier;
      // fhir_serviceRequest.status
      // TODO if a laboratory report is a preliminary report the status of the servicerequest should be "active"
      cda -> fhir_serviceRequest.status = 'completed' "FhirServiceRequestStatus";
      // fhir_serviceRequest.intent
      cda -> fhir_serviceRequest.intent = 'order' "FhirServiceRequestIntent";
    };
  };

  // ClinicalDocument/componentOf -> Encounter
  cda.componentOf as cda_componentOf then {
    // ClinicalDocument.componentOf.encompassingEncounter
    cda_componentOf.encompassingEncounter as cda_encompassingEncounter ->
      fhir_bundle.entry as fhir_bundle_entry,
      fhir_bundle_entry.resource = create('Encounter') as fhir_encounter,
      fhir_encounter.id = uuid() as fhir_encounter_id,
      fhir_bundle_entry.fullUrl = append('urn:uuid:', fhir_encounter_id),
      // create reference between composition and encounter
      fhir_composition.encounter = create('Reference') as fhir_composition_encounter_reference,
      fhir_composition_encounter_reference.reference = append('urn:uuid:', fhir_encounter_id),
      fhir_composition_encounter_reference.type = 'Encounter',

      // create reference between diagnosticReport and encounter
      fhir_diagnosticReport.encounter = create('Reference') as fhir_diagnosticReport_encounter_reference,
      fhir_diagnosticReport_encounter_reference.reference = append('urn:uuid:', fhir_encounter_id),
      fhir_diagnosticReport_encounter_reference.type = 'Encounter'
      then CdaEncompassingEncounterToFhirEncounter(cda_encompassingEncounter, fhir_encounter, fhir_bundle);
  };
}
